---
source: crates/onebrain-cli/src/commands/doctor.rs
expression: output
---
🩺  Doctor · demo-vault · onebrain X.Y.Z

⚙️  Config
    ✓ onebrain.yml       valid · stable
    ✓ schema             all keys ok
    ✓ migration          nothing to migrate

📁  Vault structure
    ✗ folders            7/8 present
    ✓ plugin files       complete

🔌  Integration
    ⚠ hooks              PostToolUse (qmd) duplicated (×2)
    ✓ claude settings    ok

📊  Index & state
    ✓ checkpoints        0 orphans
    ✓ search             602 indexed · up to date

┌ Summary ─────────────────────────────────────────────────────────────┐
│ 7 ok · 1 warning · 1 fail                                            │
│                                                                      │
│ ✗  folders  7/8 present                                              │
│ ⚠  hooks    PostToolUse (qmd) duplicated (×2)                        │
│                                                                      │
│ 💡 onebrain doctor --fix  →  create missing folders · register hooks │
└──────────────────────────────────────────────────────────────────────┘
