---
source: crates/onebrain-cli/src/commands/doctor.rs
expression: output
---
OneBrain Doctor

  [✓] onebrain.yml         valid
        · qmd: ob-1
  [!] settings-hooks       2 issue(s)
        → Run onebrain doctor --fix to repair hooks
        · Stop hook missing
  [✗] folders              7/8 present
        → Missing: 01-projects
        · missing: 01-projects

Summary: 3 checks · 1 error(s) · 1 warning(s) — fix before using
