---
source: crates/onebrain-cli/src/banner.rs
expression: normalised
---
[38;2;160;160;160m _______              [0m[38;2;255;128;186m ______              __        [0m
[38;2;128;128;128m|       |.-----.-----.[0m[38;2;255;76;161m|   __ \.----.---.-.|__|.-----.[0m
[38;2;96;96;96m|   -   ||     |  -__|[0m[38;2;255;45;146m|   __ <|   _|  _  ||  ||     |[0m
[38;2;72;72;72m|_______||__|__|_____|[0m[38;2;186;22;105m|______/|__| |___._||__||__|__|[0m
[2m          Your AI Thinking Partner · v<VERSION>[0m
