---
source: crates/onebrain-cli/src/banner.rs
expression: normalised
---
[38;2;255;138;195m ██████╗ ███╗   ██╗███████╗██████╗ ██████╗  █████╗ ██╗███╗   ██╗[0m
[38;2;255;92;171m██╔═══██╗████╗  ██║██╔════╝██╔══██╗██╔══██╗██╔══██╗██║████╗  ██║[0m
[38;2;255;45;146m██║   ██║██╔██╗ ██║█████╗  ██████╔╝██████╔╝███████║██║██╔██╗ ██║[0m
[38;2;224;30;126m██║   ██║██║╚██╗██║██╔══╝  ██╔══██╗██╔══██╗██╔══██║██║██║╚██╗██║[0m
[38;2;186;22;105m╚██████╔╝██║ ╚████║███████╗██████╔╝██║  ██║██║  ██║██║██║ ╚████║[0m
[38;2;148;17;84m ╚═════╝ ╚═╝  ╚═══╝╚══════╝╚═════╝ ╚═╝  ╚═╝╚═╝  ╚═╝╚═╝╚═╝  ╚═══╝[0m
[2m        Your AI Thinking Partner · v<VERSION>[0m
