---
source: crates/onebrain-cli/src/banner.rs
expression: normalised
---
[38;2;160;160;160m░█▀█░█▀█░█▀▀[0m[38;2;255;128;186m░█▀▄░█▀▄░█▀█░▀█▀░█▀█[0m
[38;2;112;112;112m░█░█░█░█░█▀▀[0m[38;2;255;45;146m░█▀▄░█▀▄░█▀█░░█░░█░█[0m
[38;2;72;72;72m ▀▀▀ ▀ ▀ ▀▀▀[0m[38;2;186;22;105m ▀▀  ▀ ▀ ▀ ▀ ▀▀▀ ▀ ▀[0m
[2mYour AI Thinking Partner · v<VERSION>[0m
