---
source: crates/onebrain-core/src/scheduler/systemd.rs
assertion_line: 325
expression: "generate_service_unit(&daily_entry(), &ctx)"
---
[Unit]
Description=OneBrain scheduled entry (daily)

[Service]
Type=oneshot
ExecStart=/usr/local/bin/onebrain skill run --vault /v/ob-1 --skill /daily --harness claude
